// Jest Snapshot v1, https://jestjs.io/docs/snapshot-testing

exports[`TabsLayout TabsLayout Snapshot should render the TabsLayout successfully 1`] = `
<View>
  <View
    name="home"
  >
    <View
      testID="mocked-icon"
    />
    <Text>
      home
    </Text>
  </View>
  <View
    name="discover"
  >
    <View
      testID="mocked-icon"
    />
    <Text>
      discover
    </Text>
  </View>
  <View
    name="favorites"
  >
    <View
      testID="mocked-icon"
    />
    <Text>
      favorites
    </Text>
  </View>
  <View
    name="profile"
  >
    <View
      testID="mocked-icon"
    />
    <Text>
      profile
    </Text>
  </View>
</View>
`;
