// Jest Snapshot v1, https://jestjs.io/docs/snapshot-testing

exports[`AppNavigator Component Snapshot should render the AppNavigator Component successfully 1`] = `
<View
  data-screenOptions={
    {
      "animation": "slide_from_bottom",
      "contentStyle": {
        "backgroundColor": "#FFFFFF80",
      },
      "headerShown": false,
    }
  }
  testID="MockedStack"
>
  <View
    testID="MockedStackScreen-index"
  />
  <View
    testID="MockedStackScreen-(auth)"
  />
  <View
    testID="MockedStackScreen-(tabs)"
  />
  <View
    testID="MockedStackScreen-(onboarding)"
  />
  <View
    testID="MockedStackScreen-(maintenance)"
  />
  <View
    testID="MockedStackScreen-(force-update)"
  />
  <View
    testID="MockedStackScreen-(account)"
  />
  <View
    testID="MockedStackScreen-(settings)"
  />
  <View
    testID="MockedStackScreen-(airline)"
  />
  <View
    testID="MockedStackScreen-(airport)"
  />
  <View
    testID="MockedStackScreen-(breaking-news)"
  />
  <View
    testID="MockedStackScreen-(destination)"
  />
  <View
    testID="MockedStackScreen-(airplane)"
  />
  <View
    testID="MockedStackScreen-token-expire"
  />
  <View
    testID="MockedStackScreen-(web-view-modal)"
  />
  <View
    testID="MockedStackScreen-(image-modal)"
  />
  <View
    testID="MockedStackProtected"
  >
    <View
      testID="MockedStackScreen-storybook"
    />
  </View>
</View>
`;
