// Jest Snapshot v1, https://jestjs.io/docs/snapshot-testing

exports[`ThemedText Component Snapshot should render the ThemedText Component successfully 1`] = `
ReactTestInstance {
  "_fiber": FiberNode {
    "_debugHookTypes": null,
    "_debugInfo": null,
    "_debugNeedsRemount": false,
    "_debugOwner": FiberNode {
      "_debugHookTypes": null,
      "_debugInfo": null,
      "_debugNeedsRemount": false,
      "_debugOwner": FiberNode {
        "_debugHookTypes": null,
        "_debugInfo": null,
        "_debugNeedsRemount": false,
        "_debugOwner": null,
        "_debugStack": [Error: react-stack-top-frame],
        "_debugTask": null,
        "actualDuration": -0,
        "actualStartTime": undefined,
        "alternate": null,
        "child": [Circular],
        "childLanes": 0,
        "deletions": null,
        "dependencies": null,
        "elementType": [Function],
        "flags": 67108865,
        "index": 0,
        "key": null,
        "lanes": 0,
        "memoizedProps": {
          "children": "Hello, World!",
          "color": "text-100",
          "testID": "themed-text",
          "type": "body1",
        },
        "memoizedState": null,
        "mode": 3,
        "pendingProps": {
          "children": "Hello, World!",
          "color": "text-100",
          "testID": "themed-text",
          "type": "body1",
        },
        "ref": null,
        "refCleanup": null,
        "return": FiberNode {
          "_debugHookTypes": null,
          "_debugInfo": null,
          "_debugNeedsRemount": false,
          "_debugOwner": null,
          "_debugStack": null,
          "_debugTask": null,
          "actualDuration": -0,
          "actualStartTime": undefined,
          "alternate": FiberNode {
            "_debugHookTypes": null,
            "_debugInfo": null,
            "_debugNeedsRemount": false,
            "_debugOwner": null,
            "_debugStack": null,
            "_debugTask": null,
            "actualDuration": -0,
            "actualStartTime": -1.1,
            "alternate": [Circular],
            "child": null,
            "childLanes": 0,
            "deletions": null,
            "dependencies": null,
            "elementType": null,
            "flags": 0,
            "index": 0,
            "key": null,
            "lanes": 32,
            "memoizedProps": null,
            "memoizedState": {
              "cache": {
                "controller": AbortController {},
                "data": Map {},
                "refCount": 1,
              },
              "element": null,
              "isDehydrated": false,
            },
            "mode": 3,
            "pendingProps": null,
            "ref": null,
            "refCleanup": null,
            "return": null,
            "selfBaseDuration": -0,
            "sibling": null,
            "stateNode": FiberRootNode {
              "_debugRootType": "createRoot()",
              "callbackNode": null,
              "callbackPriority": 0,
              "cancelPendingCommit": null,
              "containerInfo": {
                "children": [
                  {
                    "children": [
                      {
                        "isHidden": false,
                        "tag": "TEXT",
                        "text": "Hello, World!",
                      },
                    ],
                    "internalInstanceHandle": [Circular],
                    "isHidden": false,
                    "props": {
                      "allowFontScaling": false,
                      "children": "Hello, World!",
                      "className": "text-[16px] leading-[19px] font-inter-medium text-text-100",
                      "maxFontSizeMultiplier": 1,
                      "testID": "themed-text",
                    },
                    "rootContainerInstance": [Circular],
                    "tag": "INSTANCE",
                    "type": "Text",
                  },
                ],
                "createNodeMock": [Function],
                "tag": "CONTAINER",
              },
              "context": {},
              "current": [Circular],
              "effectDuration": 0,
              "entangledLanes": 0,
              "entanglements": [
                0,
                0,
                0,
                0,
                0,
                0,
                0,
                0,
                0,
                0,
                0,
                0,
                0,
                0,
                0,
                0,
                0,
                0,
                0,
                0,
                0,
                0,
                0,
                0,
                0,
                0,
                0,
                0,
                0,
                0,
                0,
              ],
              "errorRecoveryDisabledLanes": 0,
              "expirationTimes": [
                -1,
                -1,
                -1,
                -1,
                -1,
                -1,
                -1,
                -1,
                -1,
                -1,
                -1,
                -1,
                -1,
                -1,
                -1,
                -1,
                -1,
                -1,
                -1,
                -1,
                -1,
                -1,
                -1,
                -1,
                -1,
                -1,
                -1,
                -1,
                -1,
                -1,
                -1,
              ],
              "expiredLanes": 0,
              "formState": null,
              "hiddenUpdates": [
                null,
                null,
                null,
                null,
                null,
                null,
                null,
                null,
                null,
                null,
                null,
                null,
                null,
                null,
                null,
                null,
                null,
                null,
                null,
                null,
                null,
                null,
                null,
                null,
                null,
                null,
                null,
                null,
                null,
                null,
                null,
              ],
              "identifierPrefix": "",
              "incompleteTransitions": Map {},
              "next": null,
              "onCaughtError": [Function],
              "onRecoverableError": [Function],
              "onUncaughtError": [Function],
              "passiveEffectDuration": -0,
              "pendingChildren": null,
              "pendingContext": null,
              "pendingLanes": 0,
              "pingCache": null,
              "pingedLanes": 0,
              "pooledCache": null,
              "pooledCacheLanes": 0,
              "shellSuspendCounter": 0,
              "suspendedLanes": 0,
              "tag": 1,
              "timeoutHandle": -1,
              "warmLanes": 0,
            },
            "subtreeFlags": 0,
            "tag": 3,
            "treeBaseDuration": -0,
            "type": null,
            "updateQueue": {
              "baseState": {
                "cache": {
                  "controller": AbortController {},
                  "data": Map {},
                  "refCount": 1,
                },
                "element": null,
                "isDehydrated": false,
              },
              "callbacks": null,
              "firstBaseUpdate": {
                "callback": null,
                "lane": 32,
                "next": null,
                "payload": {
                  "element": {
                    "$$typeof": Symbol(react.transitional.element),
                    "_owner": null,
                    "_store": {},
                    "key": null,
                    "props": {
                      "children": "Hello, World!",
                      "color": "text-100",
                      "testID": "themed-text",
                      "type": "body1",
                    },
                    "type": [Function],
                  },
                },
                "tag": 0,
              },
              "lastBaseUpdate": {
                "callback": null,
                "lane": 32,
                "next": null,
                "payload": {
                  "element": {
                    "$$typeof": Symbol(react.transitional.element),
                    "_owner": null,
                    "_store": {},
                    "key": null,
                    "props": {
                      "children": "Hello, World!",
                      "color": "text-100",
                      "testID": "themed-text",
                      "type": "body1",
                    },
                    "type": [Function],
                  },
                },
                "tag": 0,
              },
              "shared": {
                "hiddenCallbacks": null,
                "lanes": 0,
                "pending": null,
              },
            },
          },
          "child": [Circular],
          "childLanes": 0,
          "deletions": null,
          "dependencies": null,
          "elementType": null,
          "flags": 1024,
          "index": 0,
          "key": null,
          "lanes": 0,
          "memoizedProps": null,
          "memoizedState": {
            "cache": {
              "controller": AbortController {},
              "data": Map {},
              "refCount": 1,
            },
            "element": {
              "$$typeof": Symbol(react.transitional.element),
              "_owner": null,
              "_store": {},
              "key": null,
              "props": {
                "children": "Hello, World!",
                "color": "text-100",
                "testID": "themed-text",
                "type": "body1",
              },
              "type": [Function],
            },
            "isDehydrated": false,
          },
          "mode": 3,
          "pendingProps": null,
          "ref": null,
          "refCleanup": null,
          "return": null,
          "selfBaseDuration": -0,
          "sibling": null,
          "stateNode": FiberRootNode {
            "_debugRootType": "createRoot()",
            "callbackNode": null,
            "callbackPriority": 0,
            "cancelPendingCommit": null,
            "containerInfo": {
              "children": [
                {
                  "children": [
                    {
                      "isHidden": false,
                      "tag": "TEXT",
                      "text": "Hello, World!",
                    },
                  ],
                  "internalInstanceHandle": [Circular],
                  "isHidden": false,
                  "props": {
                    "allowFontScaling": false,
                    "children": "Hello, World!",
                    "className": "text-[16px] leading-[19px] font-inter-medium text-text-100",
                    "maxFontSizeMultiplier": 1,
                    "testID": "themed-text",
                  },
                  "rootContainerInstance": [Circular],
                  "tag": "INSTANCE",
                  "type": "Text",
                },
              ],
              "createNodeMock": [Function],
              "tag": "CONTAINER",
            },
            "context": {},
            "current": [Circular],
            "effectDuration": 0,
            "entangledLanes": 0,
            "entanglements": [
              0,
              0,
              0,
              0,
              0,
              0,
              0,
              0,
              0,
              0,
              0,
              0,
              0,
              0,
              0,
              0,
              0,
              0,
              0,
              0,
              0,
              0,
              0,
              0,
              0,
              0,
              0,
              0,
              0,
              0,
              0,
            ],
            "errorRecoveryDisabledLanes": 0,
            "expirationTimes": [
              -1,
              -1,
              -1,
              -1,
              -1,
              -1,
              -1,
              -1,
              -1,
              -1,
              -1,
              -1,
              -1,
              -1,
              -1,
              -1,
              -1,
              -1,
              -1,
              -1,
              -1,
              -1,
              -1,
              -1,
              -1,
              -1,
              -1,
              -1,
              -1,
              -1,
              -1,
            ],
            "expiredLanes": 0,
            "formState": null,
            "hiddenUpdates": [
              null,
              null,
              null,
              null,
              null,
              null,
              null,
              null,
              null,
              null,
              null,
              null,
              null,
              null,
              null,
              null,
              null,
              null,
              null,
              null,
              null,
              null,
              null,
              null,
              null,
              null,
              null,
              null,
              null,
              null,
              null,
            ],
            "identifierPrefix": "",
            "incompleteTransitions": Map {},
            "next": null,
            "onCaughtError": [Function],
            "onRecoverableError": [Function],
            "onUncaughtError": [Function],
            "passiveEffectDuration": -0,
            "pendingChildren": null,
            "pendingContext": null,
            "pendingLanes": 0,
            "pingCache": null,
            "pingedLanes": 0,
            "pooledCache": null,
            "pooledCacheLanes": 0,
            "shellSuspendCounter": 0,
            "suspendedLanes": 0,
            "tag": 1,
            "timeoutHandle": -1,
            "warmLanes": 0,
          },
          "subtreeFlags": 67108867,
          "tag": 3,
          "treeBaseDuration": -0,
          "type": null,
          "updateQueue": {
            "baseState": {
              "cache": {
                "controller": AbortController {},
                "data": Map {},
                "refCount": 1,
              },
              "element": {
                "$$typeof": Symbol(react.transitional.element),
                "_owner": null,
                "_store": {},
                "key": null,
                "props": {
                  "children": "Hello, World!",
                  "color": "text-100",
                  "testID": "themed-text",
                  "type": "body1",
                },
                "type": [Function],
              },
              "isDehydrated": false,
            },
            "callbacks": null,
            "firstBaseUpdate": null,
            "lastBaseUpdate": null,
            "shared": {
              "hiddenCallbacks": null,
              "lanes": 0,
              "pending": null,
            },
          },
        },
        "selfBaseDuration": -0,
        "sibling": null,
        "stateNode": null,
        "subtreeFlags": 1,
        "tag": 0,
        "treeBaseDuration": -0,
        "type": [Function],
        "updateQueue": null,
      },
      "_debugStack": [Error: react-stack-top-frame],
      "_debugTask": null,
      "actualDuration": -0,
      "actualStartTime": undefined,
      "alternate": null,
      "child": [Circular],
      "childLanes": 0,
      "deletions": null,
      "dependencies": null,
      "elementType": [Function],
      "flags": 1,
      "index": 0,
      "key": null,
      "lanes": 0,
      "memoizedProps": {
        "allowFontScaling": false,
        "children": "Hello, World!",
        "className": "text-[16px] leading-[19px] font-inter-medium text-text-100",
        "maxFontSizeMultiplier": 1,
        "testID": "themed-text",
      },
      "memoizedState": null,
      "mode": 3,
      "pendingProps": {
        "allowFontScaling": false,
        "children": "Hello, World!",
        "className": "text-[16px] leading-[19px] font-inter-medium text-text-100",
        "maxFontSizeMultiplier": 1,
        "testID": "themed-text",
      },
      "ref": null,
      "refCleanup": null,
      "return": FiberNode {
        "_debugHookTypes": null,
        "_debugInfo": null,
        "_debugNeedsRemount": false,
        "_debugOwner": null,
        "_debugStack": [Error: react-stack-top-frame],
        "_debugTask": null,
        "actualDuration": -0,
        "actualStartTime": undefined,
        "alternate": null,
        "child": [Circular],
        "childLanes": 0,
        "deletions": null,
        "dependencies": null,
        "elementType": [Function],
        "flags": 67108865,
        "index": 0,
        "key": null,
        "lanes": 0,
        "memoizedProps": {
          "children": "Hello, World!",
          "color": "text-100",
          "testID": "themed-text",
          "type": "body1",
        },
        "memoizedState": null,
        "mode": 3,
        "pendingProps": {
          "children": "Hello, World!",
          "color": "text-100",
          "testID": "themed-text",
          "type": "body1",
        },
        "ref": null,
        "refCleanup": null,
        "return": FiberNode {
          "_debugHookTypes": null,
          "_debugInfo": null,
          "_debugNeedsRemount": false,
          "_debugOwner": null,
          "_debugStack": null,
          "_debugTask": null,
          "actualDuration": -0,
          "actualStartTime": undefined,
          "alternate": FiberNode {
            "_debugHookTypes": null,
            "_debugInfo": null,
            "_debugNeedsRemount": false,
            "_debugOwner": null,
            "_debugStack": null,
            "_debugTask": null,
            "actualDuration": -0,
            "actualStartTime": -1.1,
            "alternate": [Circular],
            "child": null,
            "childLanes": 0,
            "deletions": null,
            "dependencies": null,
            "elementType": null,
            "flags": 0,
            "index": 0,
            "key": null,
            "lanes": 32,
            "memoizedProps": null,
            "memoizedState": {
              "cache": {
                "controller": AbortController {},
                "data": Map {},
                "refCount": 1,
              },
              "element": null,
              "isDehydrated": false,
            },
            "mode": 3,
            "pendingProps": null,
            "ref": null,
            "refCleanup": null,
            "return": null,
            "selfBaseDuration": -0,
            "sibling": null,
            "stateNode": FiberRootNode {
              "_debugRootType": "createRoot()",
              "callbackNode": null,
              "callbackPriority": 0,
              "cancelPendingCommit": null,
              "containerInfo": {
                "children": [
                  {
                    "children": [
                      {
                        "isHidden": false,
                        "tag": "TEXT",
                        "text": "Hello, World!",
                      },
                    ],
                    "internalInstanceHandle": [Circular],
                    "isHidden": false,
                    "props": {
                      "allowFontScaling": false,
                      "children": "Hello, World!",
                      "className": "text-[16px] leading-[19px] font-inter-medium text-text-100",
                      "maxFontSizeMultiplier": 1,
                      "testID": "themed-text",
                    },
                    "rootContainerInstance": [Circular],
                    "tag": "INSTANCE",
                    "type": "Text",
                  },
                ],
                "createNodeMock": [Function],
                "tag": "CONTAINER",
              },
              "context": {},
              "current": [Circular],
              "effectDuration": 0,
              "entangledLanes": 0,
              "entanglements": [
                0,
                0,
                0,
                0,
                0,
                0,
                0,
                0,
                0,
                0,
                0,
                0,
                0,
                0,
                0,
                0,
                0,
                0,
                0,
                0,
                0,
                0,
                0,
                0,
                0,
                0,
                0,
                0,
                0,
                0,
                0,
              ],
              "errorRecoveryDisabledLanes": 0,
              "expirationTimes": [
                -1,
                -1,
                -1,
                -1,
                -1,
                -1,
                -1,
                -1,
                -1,
                -1,
                -1,
                -1,
                -1,
                -1,
                -1,
                -1,
                -1,
                -1,
                -1,
                -1,
                -1,
                -1,
                -1,
                -1,
                -1,
                -1,
                -1,
                -1,
                -1,
                -1,
                -1,
              ],
              "expiredLanes": 0,
              "formState": null,
              "hiddenUpdates": [
                null,
                null,
                null,
                null,
                null,
                null,
                null,
                null,
                null,
                null,
                null,
                null,
                null,
                null,
                null,
                null,
                null,
                null,
                null,
                null,
                null,
                null,
                null,
                null,
                null,
                null,
                null,
                null,
                null,
                null,
                null,
              ],
              "identifierPrefix": "",
              "incompleteTransitions": Map {},
              "next": null,
              "onCaughtError": [Function],
              "onRecoverableError": [Function],
              "onUncaughtError": [Function],
              "passiveEffectDuration": -0,
              "pendingChildren": null,
              "pendingContext": null,
              "pendingLanes": 0,
              "pingCache": null,
              "pingedLanes": 0,
              "pooledCache": null,
              "pooledCacheLanes": 0,
              "shellSuspendCounter": 0,
              "suspendedLanes": 0,
              "tag": 1,
              "timeoutHandle": -1,
              "warmLanes": 0,
            },
            "subtreeFlags": 0,
            "tag": 3,
            "treeBaseDuration": -0,
            "type": null,
            "updateQueue": {
              "baseState": {
                "cache": {
                  "controller": AbortController {},
                  "data": Map {},
                  "refCount": 1,
                },
                "element": null,
                "isDehydrated": false,
              },
              "callbacks": null,
              "firstBaseUpdate": {
                "callback": null,
                "lane": 32,
                "next": null,
                "payload": {
                  "element": {
                    "$$typeof": Symbol(react.transitional.element),
                    "_owner": null,
                    "_store": {},
                    "key": null,
                    "props": {
                      "children": "Hello, World!",
                      "color": "text-100",
                      "testID": "themed-text",
                      "type": "body1",
                    },
                    "type": [Function],
                  },
                },
                "tag": 0,
              },
              "lastBaseUpdate": {
                "callback": null,
                "lane": 32,
                "next": null,
                "payload": {
                  "element": {
                    "$$typeof": Symbol(react.transitional.element),
                    "_owner": null,
                    "_store": {},
                    "key": null,
                    "props": {
                      "children": "Hello, World!",
                      "color": "text-100",
                      "testID": "themed-text",
                      "type": "body1",
                    },
                    "type": [Function],
                  },
                },
                "tag": 0,
              },
              "shared": {
                "hiddenCallbacks": null,
                "lanes": 0,
                "pending": null,
              },
            },
          },
          "child": [Circular],
          "childLanes": 0,
          "deletions": null,
          "dependencies": null,
          "elementType": null,
          "flags": 1024,
          "index": 0,
          "key": null,
          "lanes": 0,
          "memoizedProps": null,
          "memoizedState": {
            "cache": {
              "controller": AbortController {},
              "data": Map {},
              "refCount": 1,
            },
            "element": {
              "$$typeof": Symbol(react.transitional.element),
              "_owner": null,
              "_store": {},
              "key": null,
              "props": {
                "children": "Hello, World!",
                "color": "text-100",
                "testID": "themed-text",
                "type": "body1",
              },
              "type": [Function],
            },
            "isDehydrated": false,
          },
          "mode": 3,
          "pendingProps": null,
          "ref": null,
          "refCleanup": null,
          "return": null,
          "selfBaseDuration": -0,
          "sibling": null,
          "stateNode": FiberRootNode {
            "_debugRootType": "createRoot()",
            "callbackNode": null,
            "callbackPriority": 0,
            "cancelPendingCommit": null,
            "containerInfo": {
              "children": [
                {
                  "children": [
                    {
                      "isHidden": false,
                      "tag": "TEXT",
                      "text": "Hello, World!",
                    },
                  ],
                  "internalInstanceHandle": [Circular],
                  "isHidden": false,
                  "props": {
                    "allowFontScaling": false,
                    "children": "Hello, World!",
                    "className": "text-[16px] leading-[19px] font-inter-medium text-text-100",
                    "maxFontSizeMultiplier": 1,
                    "testID": "themed-text",
                  },
                  "rootContainerInstance": [Circular],
                  "tag": "INSTANCE",
                  "type": "Text",
                },
              ],
              "createNodeMock": [Function],
              "tag": "CONTAINER",
            },
            "context": {},
            "current": [Circular],
            "effectDuration": 0,
            "entangledLanes": 0,
            "entanglements": [
              0,
              0,
              0,
              0,
              0,
              0,
              0,
              0,
              0,
              0,
              0,
              0,
              0,
              0,
              0,
              0,
              0,
              0,
              0,
              0,
              0,
              0,
              0,
              0,
              0,
              0,
              0,
              0,
              0,
              0,
              0,
            ],
            "errorRecoveryDisabledLanes": 0,
            "expirationTimes": [
              -1,
              -1,
              -1,
              -1,
              -1,
              -1,
              -1,
              -1,
              -1,
              -1,
              -1,
              -1,
              -1,
              -1,
              -1,
              -1,
              -1,
              -1,
              -1,
              -1,
              -1,
              -1,
              -1,
              -1,
              -1,
              -1,
              -1,
              -1,
              -1,
              -1,
              -1,
            ],
            "expiredLanes": 0,
            "formState": null,
            "hiddenUpdates": [
              null,
              null,
              null,
              null,
              null,
              null,
              null,
              null,
              null,
              null,
              null,
              null,
              null,
              null,
              null,
              null,
              null,
              null,
              null,
              null,
              null,
              null,
              null,
              null,
              null,
              null,
              null,
              null,
              null,
              null,
              null,
            ],
            "identifierPrefix": "",
            "incompleteTransitions": Map {},
            "next": null,
            "onCaughtError": [Function],
            "onRecoverableError": [Function],
            "onUncaughtError": [Function],
            "passiveEffectDuration": -0,
            "pendingChildren": null,
            "pendingContext": null,
            "pendingLanes": 0,
            "pingCache": null,
            "pingedLanes": 0,
            "pooledCache": null,
            "pooledCacheLanes": 0,
            "shellSuspendCounter": 0,
            "suspendedLanes": 0,
            "tag": 1,
            "timeoutHandle": -1,
            "warmLanes": 0,
          },
          "subtreeFlags": 67108867,
          "tag": 3,
          "treeBaseDuration": -0,
          "type": null,
          "updateQueue": {
            "baseState": {
              "cache": {
                "controller": AbortController {},
                "data": Map {},
                "refCount": 1,
              },
              "element": {
                "$$typeof": Symbol(react.transitional.element),
                "_owner": null,
                "_store": {},
                "key": null,
                "props": {
                  "children": "Hello, World!",
                  "color": "text-100",
                  "testID": "themed-text",
                  "type": "body1",
                },
                "type": [Function],
              },
              "isDehydrated": false,
            },
            "callbacks": null,
            "firstBaseUpdate": null,
            "lastBaseUpdate": null,
            "shared": {
              "hiddenCallbacks": null,
              "lanes": 0,
              "pending": null,
            },
          },
        },
        "selfBaseDuration": -0,
        "sibling": null,
        "stateNode": null,
        "subtreeFlags": 1,
        "tag": 0,
        "treeBaseDuration": -0,
        "type": [Function],
        "updateQueue": null,
      },
      "selfBaseDuration": -0,
      "sibling": null,
      "stateNode": Text {
        "_reactInternalInstance": {},
        "_reactInternals": [Circular],
        "context": {},
        "props": {
          "allowFontScaling": false,
          "children": "Hello, World!",
          "className": "text-[16px] leading-[19px] font-inter-medium text-text-100",
          "maxFontSizeMultiplier": 1,
          "testID": "themed-text",
        },
        "refs": {},
        "state": null,
        "updater": {
          "enqueueForceUpdate": [Function],
          "enqueueReplaceState": [Function],
          "enqueueSetState": [Function],
        },
      },
      "subtreeFlags": 0,
      "tag": 1,
      "treeBaseDuration": -0,
      "type": [Function],
      "updateQueue": {
        "baseState": null,
        "callbacks": null,
        "firstBaseUpdate": null,
        "lastBaseUpdate": null,
        "shared": {
          "hiddenCallbacks": null,
          "lanes": 0,
          "pending": null,
        },
      },
    },
    "_debugStack": [Error: react-stack-top-frame],
    "_debugTask": null,
    "actualDuration": -0,
    "actualStartTime": undefined,
    "alternate": null,
    "child": FiberNode {
      "_debugHookTypes": null,
      "_debugInfo": null,
      "_debugNeedsRemount": false,
      "_debugOwner": [Circular],
      "_debugStack": null,
      "_debugTask": null,
      "actualDuration": -0,
      "actualStartTime": undefined,
      "alternate": null,
      "child": null,
      "childLanes": 0,
      "deletions": null,
      "dependencies": null,
      "elementType": null,
      "flags": 0,
      "index": 0,
      "key": null,
      "lanes": 0,
      "memoizedProps": "Hello, World!",
      "memoizedState": null,
      "mode": 3,
      "pendingProps": "Hello, World!",
      "ref": null,
      "refCleanup": null,
      "return": [Circular],
      "selfBaseDuration": -0,
      "sibling": null,
      "stateNode": {
        "isHidden": false,
        "tag": "TEXT",
        "text": "Hello, World!",
      },
      "subtreeFlags": 0,
      "tag": 6,
      "treeBaseDuration": -0,
      "type": null,
      "updateQueue": null,
    },
    "childLanes": 0,
    "deletions": null,
    "dependencies": null,
    "elementType": "Text",
    "flags": 0,
    "index": 0,
    "key": null,
    "lanes": 0,
    "memoizedProps": {
      "allowFontScaling": false,
      "children": "Hello, World!",
      "className": "text-[16px] leading-[19px] font-inter-medium text-text-100",
      "maxFontSizeMultiplier": 1,
      "testID": "themed-text",
    },
    "memoizedState": null,
    "mode": 3,
    "pendingProps": {
      "allowFontScaling": false,
      "children": "Hello, World!",
      "className": "text-[16px] leading-[19px] font-inter-medium text-text-100",
      "maxFontSizeMultiplier": 1,
      "testID": "themed-text",
    },
    "ref": null,
    "refCleanup": null,
    "return": FiberNode {
      "_debugHookTypes": null,
      "_debugInfo": null,
      "_debugNeedsRemount": false,
      "_debugOwner": FiberNode {
        "_debugHookTypes": null,
        "_debugInfo": null,
        "_debugNeedsRemount": false,
        "_debugOwner": null,
        "_debugStack": [Error: react-stack-top-frame],
        "_debugTask": null,
        "actualDuration": -0,
        "actualStartTime": undefined,
        "alternate": null,
        "child": [Circular],
        "childLanes": 0,
        "deletions": null,
        "dependencies": null,
        "elementType": [Function],
        "flags": 67108865,
        "index": 0,
        "key": null,
        "lanes": 0,
        "memoizedProps": {
          "children": "Hello, World!",
          "color": "text-100",
          "testID": "themed-text",
          "type": "body1",
        },
        "memoizedState": null,
        "mode": 3,
        "pendingProps": {
          "children": "Hello, World!",
          "color": "text-100",
          "testID": "themed-text",
          "type": "body1",
        },
        "ref": null,
        "refCleanup": null,
        "return": FiberNode {
          "_debugHookTypes": null,
          "_debugInfo": null,
          "_debugNeedsRemount": false,
          "_debugOwner": null,
          "_debugStack": null,
          "_debugTask": null,
          "actualDuration": -0,
          "actualStartTime": undefined,
          "alternate": FiberNode {
            "_debugHookTypes": null,
            "_debugInfo": null,
            "_debugNeedsRemount": false,
            "_debugOwner": null,
            "_debugStack": null,
            "_debugTask": null,
            "actualDuration": -0,
            "actualStartTime": -1.1,
            "alternate": [Circular],
            "child": null,
            "childLanes": 0,
            "deletions": null,
            "dependencies": null,
            "elementType": null,
            "flags": 0,
            "index": 0,
            "key": null,
            "lanes": 32,
            "memoizedProps": null,
            "memoizedState": {
              "cache": {
                "controller": AbortController {},
                "data": Map {},
                "refCount": 1,
              },
              "element": null,
              "isDehydrated": false,
            },
            "mode": 3,
            "pendingProps": null,
            "ref": null,
            "refCleanup": null,
            "return": null,
            "selfBaseDuration": -0,
            "sibling": null,
            "stateNode": FiberRootNode {
              "_debugRootType": "createRoot()",
              "callbackNode": null,
              "callbackPriority": 0,
              "cancelPendingCommit": null,
              "containerInfo": {
                "children": [
                  {
                    "children": [
                      {
                        "isHidden": false,
                        "tag": "TEXT",
                        "text": "Hello, World!",
                      },
                    ],
                    "internalInstanceHandle": [Circular],
                    "isHidden": false,
                    "props": {
                      "allowFontScaling": false,
                      "children": "Hello, World!",
                      "className": "text-[16px] leading-[19px] font-inter-medium text-text-100",
                      "maxFontSizeMultiplier": 1,
                      "testID": "themed-text",
                    },
                    "rootContainerInstance": [Circular],
                    "tag": "INSTANCE",
                    "type": "Text",
                  },
                ],
                "createNodeMock": [Function],
                "tag": "CONTAINER",
              },
              "context": {},
              "current": [Circular],
              "effectDuration": 0,
              "entangledLanes": 0,
              "entanglements": [
                0,
                0,
                0,
                0,
                0,
                0,
                0,
                0,
                0,
                0,
                0,
                0,
                0,
                0,
                0,
                0,
                0,
                0,
                0,
                0,
                0,
                0,
                0,
                0,
                0,
                0,
                0,
                0,
                0,
                0,
                0,
              ],
              "errorRecoveryDisabledLanes": 0,
              "expirationTimes": [
                -1,
                -1,
                -1,
                -1,
                -1,
                -1,
                -1,
                -1,
                -1,
                -1,
                -1,
                -1,
                -1,
                -1,
                -1,
                -1,
                -1,
                -1,
                -1,
                -1,
                -1,
                -1,
                -1,
                -1,
                -1,
                -1,
                -1,
                -1,
                -1,
                -1,
                -1,
              ],
              "expiredLanes": 0,
              "formState": null,
              "hiddenUpdates": [
                null,
                null,
                null,
                null,
                null,
                null,
                null,
                null,
                null,
                null,
                null,
                null,
                null,
                null,
                null,
                null,
                null,
                null,
                null,
                null,
                null,
                null,
                null,
                null,
                null,
                null,
                null,
                null,
                null,
                null,
                null,
              ],
              "identifierPrefix": "",
              "incompleteTransitions": Map {},
              "next": null,
              "onCaughtError": [Function],
              "onRecoverableError": [Function],
              "onUncaughtError": [Function],
              "passiveEffectDuration": -0,
              "pendingChildren": null,
              "pendingContext": null,
              "pendingLanes": 0,
              "pingCache": null,
              "pingedLanes": 0,
              "pooledCache": null,
              "pooledCacheLanes": 0,
              "shellSuspendCounter": 0,
              "suspendedLanes": 0,
              "tag": 1,
              "timeoutHandle": -1,
              "warmLanes": 0,
            },
            "subtreeFlags": 0,
            "tag": 3,
            "treeBaseDuration": -0,
            "type": null,
            "updateQueue": {
              "baseState": {
                "cache": {
                  "controller": AbortController {},
                  "data": Map {},
                  "refCount": 1,
                },
                "element": null,
                "isDehydrated": false,
              },
              "callbacks": null,
              "firstBaseUpdate": {
                "callback": null,
                "lane": 32,
                "next": null,
                "payload": {
                  "element": {
                    "$$typeof": Symbol(react.transitional.element),
                    "_owner": null,
                    "_store": {},
                    "key": null,
                    "props": {
                      "children": "Hello, World!",
                      "color": "text-100",
                      "testID": "themed-text",
                      "type": "body1",
                    },
                    "type": [Function],
                  },
                },
                "tag": 0,
              },
              "lastBaseUpdate": {
                "callback": null,
                "lane": 32,
                "next": null,
                "payload": {
                  "element": {
                    "$$typeof": Symbol(react.transitional.element),
                    "_owner": null,
                    "_store": {},
                    "key": null,
                    "props": {
                      "children": "Hello, World!",
                      "color": "text-100",
                      "testID": "themed-text",
                      "type": "body1",
                    },
                    "type": [Function],
                  },
                },
                "tag": 0,
              },
              "shared": {
                "hiddenCallbacks": null,
                "lanes": 0,
                "pending": null,
              },
            },
          },
          "child": [Circular],
          "childLanes": 0,
          "deletions": null,
          "dependencies": null,
          "elementType": null,
          "flags": 1024,
          "index": 0,
          "key": null,
          "lanes": 0,
          "memoizedProps": null,
          "memoizedState": {
            "cache": {
              "controller": AbortController {},
              "data": Map {},
              "refCount": 1,
            },
            "element": {
              "$$typeof": Symbol(react.transitional.element),
              "_owner": null,
              "_store": {},
              "key": null,
              "props": {
                "children": "Hello, World!",
                "color": "text-100",
                "testID": "themed-text",
                "type": "body1",
              },
              "type": [Function],
            },
            "isDehydrated": false,
          },
          "mode": 3,
          "pendingProps": null,
          "ref": null,
          "refCleanup": null,
          "return": null,
          "selfBaseDuration": -0,
          "sibling": null,
          "stateNode": FiberRootNode {
            "_debugRootType": "createRoot()",
            "callbackNode": null,
            "callbackPriority": 0,
            "cancelPendingCommit": null,
            "containerInfo": {
              "children": [
                {
                  "children": [
                    {
                      "isHidden": false,
                      "tag": "TEXT",
                      "text": "Hello, World!",
                    },
                  ],
                  "internalInstanceHandle": [Circular],
                  "isHidden": false,
                  "props": {
                    "allowFontScaling": false,
                    "children": "Hello, World!",
                    "className": "text-[16px] leading-[19px] font-inter-medium text-text-100",
                    "maxFontSizeMultiplier": 1,
                    "testID": "themed-text",
                  },
                  "rootContainerInstance": [Circular],
                  "tag": "INSTANCE",
                  "type": "Text",
                },
              ],
              "createNodeMock": [Function],
              "tag": "CONTAINER",
            },
            "context": {},
            "current": [Circular],
            "effectDuration": 0,
            "entangledLanes": 0,
            "entanglements": [
              0,
              0,
              0,
              0,
              0,
              0,
              0,
              0,
              0,
              0,
              0,
              0,
              0,
              0,
              0,
              0,
              0,
              0,
              0,
              0,
              0,
              0,
              0,
              0,
              0,
              0,
              0,
              0,
              0,
              0,
              0,
            ],
            "errorRecoveryDisabledLanes": 0,
            "expirationTimes": [
              -1,
              -1,
              -1,
              -1,
              -1,
              -1,
              -1,
              -1,
              -1,
              -1,
              -1,
              -1,
              -1,
              -1,
              -1,
              -1,
              -1,
              -1,
              -1,
              -1,
              -1,
              -1,
              -1,
              -1,
              -1,
              -1,
              -1,
              -1,
              -1,
              -1,
              -1,
            ],
            "expiredLanes": 0,
            "formState": null,
            "hiddenUpdates": [
              null,
              null,
              null,
              null,
              null,
              null,
              null,
              null,
              null,
              null,
              null,
              null,
              null,
              null,
              null,
              null,
              null,
              null,
              null,
              null,
              null,
              null,
              null,
              null,
              null,
              null,
              null,
              null,
              null,
              null,
              null,
            ],
            "identifierPrefix": "",
            "incompleteTransitions": Map {},
            "next": null,
            "onCaughtError": [Function],
            "onRecoverableError": [Function],
            "onUncaughtError": [Function],
            "passiveEffectDuration": -0,
            "pendingChildren": null,
            "pendingContext": null,
            "pendingLanes": 0,
            "pingCache": null,
            "pingedLanes": 0,
            "pooledCache": null,
            "pooledCacheLanes": 0,
            "shellSuspendCounter": 0,
            "suspendedLanes": 0,
            "tag": 1,
            "timeoutHandle": -1,
            "warmLanes": 0,
          },
          "subtreeFlags": 67108867,
          "tag": 3,
          "treeBaseDuration": -0,
          "type": null,
          "updateQueue": {
            "baseState": {
              "cache": {
                "controller": AbortController {},
                "data": Map {},
                "refCount": 1,
              },
              "element": {
                "$$typeof": Symbol(react.transitional.element),
                "_owner": null,
                "_store": {},
                "key": null,
                "props": {
                  "children": "Hello, World!",
                  "color": "text-100",
                  "testID": "themed-text",
                  "type": "body1",
                },
                "type": [Function],
              },
              "isDehydrated": false,
            },
            "callbacks": null,
            "firstBaseUpdate": null,
            "lastBaseUpdate": null,
            "shared": {
              "hiddenCallbacks": null,
              "lanes": 0,
              "pending": null,
            },
          },
        },
        "selfBaseDuration": -0,
        "sibling": null,
        "stateNode": null,
        "subtreeFlags": 1,
        "tag": 0,
        "treeBaseDuration": -0,
        "type": [Function],
        "updateQueue": null,
      },
      "_debugStack": [Error: react-stack-top-frame],
      "_debugTask": null,
      "actualDuration": -0,
      "actualStartTime": undefined,
      "alternate": null,
      "child": [Circular],
      "childLanes": 0,
      "deletions": null,
      "dependencies": null,
      "elementType": [Function],
      "flags": 1,
      "index": 0,
      "key": null,
      "lanes": 0,
      "memoizedProps": {
        "allowFontScaling": false,
        "children": "Hello, World!",
        "className": "text-[16px] leading-[19px] font-inter-medium text-text-100",
        "maxFontSizeMultiplier": 1,
        "testID": "themed-text",
      },
      "memoizedState": null,
      "mode": 3,
      "pendingProps": {
        "allowFontScaling": false,
        "children": "Hello, World!",
        "className": "text-[16px] leading-[19px] font-inter-medium text-text-100",
        "maxFontSizeMultiplier": 1,
        "testID": "themed-text",
      },
      "ref": null,
      "refCleanup": null,
      "return": FiberNode {
        "_debugHookTypes": null,
        "_debugInfo": null,
        "_debugNeedsRemount": false,
        "_debugOwner": null,
        "_debugStack": [Error: react-stack-top-frame],
        "_debugTask": null,
        "actualDuration": -0,
        "actualStartTime": undefined,
        "alternate": null,
        "child": [Circular],
        "childLanes": 0,
        "deletions": null,
        "dependencies": null,
        "elementType": [Function],
        "flags": 67108865,
        "index": 0,
        "key": null,
        "lanes": 0,
        "memoizedProps": {
          "children": "Hello, World!",
          "color": "text-100",
          "testID": "themed-text",
          "type": "body1",
        },
        "memoizedState": null,
        "mode": 3,
        "pendingProps": {
          "children": "Hello, World!",
          "color": "text-100",
          "testID": "themed-text",
          "type": "body1",
        },
        "ref": null,
        "refCleanup": null,
        "return": FiberNode {
          "_debugHookTypes": null,
          "_debugInfo": null,
          "_debugNeedsRemount": false,
          "_debugOwner": null,
          "_debugStack": null,
          "_debugTask": null,
          "actualDuration": -0,
          "actualStartTime": undefined,
          "alternate": FiberNode {
            "_debugHookTypes": null,
            "_debugInfo": null,
            "_debugNeedsRemount": false,
            "_debugOwner": null,
            "_debugStack": null,
            "_debugTask": null,
            "actualDuration": -0,
            "actualStartTime": -1.1,
            "alternate": [Circular],
            "child": null,
            "childLanes": 0,
            "deletions": null,
            "dependencies": null,
            "elementType": null,
            "flags": 0,
            "index": 0,
            "key": null,
            "lanes": 32,
            "memoizedProps": null,
            "memoizedState": {
              "cache": {
                "controller": AbortController {},
                "data": Map {},
                "refCount": 1,
              },
              "element": null,
              "isDehydrated": false,
            },
            "mode": 3,
            "pendingProps": null,
            "ref": null,
            "refCleanup": null,
            "return": null,
            "selfBaseDuration": -0,
            "sibling": null,
            "stateNode": FiberRootNode {
              "_debugRootType": "createRoot()",
              "callbackNode": null,
              "callbackPriority": 0,
              "cancelPendingCommit": null,
              "containerInfo": {
                "children": [
                  {
                    "children": [
                      {
                        "isHidden": false,
                        "tag": "TEXT",
                        "text": "Hello, World!",
                      },
                    ],
                    "internalInstanceHandle": [Circular],
                    "isHidden": false,
                    "props": {
                      "allowFontScaling": false,
                      "children": "Hello, World!",
                      "className": "text-[16px] leading-[19px] font-inter-medium text-text-100",
                      "maxFontSizeMultiplier": 1,
                      "testID": "themed-text",
                    },
                    "rootContainerInstance": [Circular],
                    "tag": "INSTANCE",
                    "type": "Text",
                  },
                ],
                "createNodeMock": [Function],
                "tag": "CONTAINER",
              },
              "context": {},
              "current": [Circular],
              "effectDuration": 0,
              "entangledLanes": 0,
              "entanglements": [
                0,
                0,
                0,
                0,
                0,
                0,
                0,
                0,
                0,
                0,
                0,
                0,
                0,
                0,
                0,
                0,
                0,
                0,
                0,
                0,
                0,
                0,
                0,
                0,
                0,
                0,
                0,
                0,
                0,
                0,
                0,
              ],
              "errorRecoveryDisabledLanes": 0,
              "expirationTimes": [
                -1,
                -1,
                -1,
                -1,
                -1,
                -1,
                -1,
                -1,
                -1,
                -1,
                -1,
                -1,
                -1,
                -1,
                -1,
                -1,
                -1,
                -1,
                -1,
                -1,
                -1,
                -1,
                -1,
                -1,
                -1,
                -1,
                -1,
                -1,
                -1,
                -1,
                -1,
              ],
              "expiredLanes": 0,
              "formState": null,
              "hiddenUpdates": [
                null,
                null,
                null,
                null,
                null,
                null,
                null,
                null,
                null,
                null,
                null,
                null,
                null,
                null,
                null,
                null,
                null,
                null,
                null,
                null,
                null,
                null,
                null,
                null,
                null,
                null,
                null,
                null,
                null,
                null,
                null,
              ],
              "identifierPrefix": "",
              "incompleteTransitions": Map {},
              "next": null,
              "onCaughtError": [Function],
              "onRecoverableError": [Function],
              "onUncaughtError": [Function],
              "passiveEffectDuration": -0,
              "pendingChildren": null,
              "pendingContext": null,
              "pendingLanes": 0,
              "pingCache": null,
              "pingedLanes": 0,
              "pooledCache": null,
              "pooledCacheLanes": 0,
              "shellSuspendCounter": 0,
              "suspendedLanes": 0,
              "tag": 1,
              "timeoutHandle": -1,
              "warmLanes": 0,
            },
            "subtreeFlags": 0,
            "tag": 3,
            "treeBaseDuration": -0,
            "type": null,
            "updateQueue": {
              "baseState": {
                "cache": {
                  "controller": AbortController {},
                  "data": Map {},
                  "refCount": 1,
                },
                "element": null,
                "isDehydrated": false,
              },
              "callbacks": null,
              "firstBaseUpdate": {
                "callback": null,
                "lane": 32,
                "next": null,
                "payload": {
                  "element": {
                    "$$typeof": Symbol(react.transitional.element),
                    "_owner": null,
                    "_store": {},
                    "key": null,
                    "props": {
                      "children": "Hello, World!",
                      "color": "text-100",
                      "testID": "themed-text",
                      "type": "body1",
                    },
                    "type": [Function],
                  },
                },
                "tag": 0,
              },
              "lastBaseUpdate": {
                "callback": null,
                "lane": 32,
                "next": null,
                "payload": {
                  "element": {
                    "$$typeof": Symbol(react.transitional.element),
                    "_owner": null,
                    "_store": {},
                    "key": null,
                    "props": {
                      "children": "Hello, World!",
                      "color": "text-100",
                      "testID": "themed-text",
                      "type": "body1",
                    },
                    "type": [Function],
                  },
                },
                "tag": 0,
              },
              "shared": {
                "hiddenCallbacks": null,
                "lanes": 0,
                "pending": null,
              },
            },
          },
          "child": [Circular],
          "childLanes": 0,
          "deletions": null,
          "dependencies": null,
          "elementType": null,
          "flags": 1024,
          "index": 0,
          "key": null,
          "lanes": 0,
          "memoizedProps": null,
          "memoizedState": {
            "cache": {
              "controller": AbortController {},
              "data": Map {},
              "refCount": 1,
            },
            "element": {
              "$$typeof": Symbol(react.transitional.element),
              "_owner": null,
              "_store": {},
              "key": null,
              "props": {
                "children": "Hello, World!",
                "color": "text-100",
                "testID": "themed-text",
                "type": "body1",
              },
              "type": [Function],
            },
            "isDehydrated": false,
          },
          "mode": 3,
          "pendingProps": null,
          "ref": null,
          "refCleanup": null,
          "return": null,
          "selfBaseDuration": -0,
          "sibling": null,
          "stateNode": FiberRootNode {
            "_debugRootType": "createRoot()",
            "callbackNode": null,
            "callbackPriority": 0,
            "cancelPendingCommit": null,
            "containerInfo": {
              "children": [
                {
                  "children": [
                    {
                      "isHidden": false,
                      "tag": "TEXT",
                      "text": "Hello, World!",
                    },
                  ],
                  "internalInstanceHandle": [Circular],
                  "isHidden": false,
                  "props": {
                    "allowFontScaling": false,
                    "children": "Hello, World!",
                    "className": "text-[16px] leading-[19px] font-inter-medium text-text-100",
                    "maxFontSizeMultiplier": 1,
                    "testID": "themed-text",
                  },
                  "rootContainerInstance": [Circular],
                  "tag": "INSTANCE",
                  "type": "Text",
                },
              ],
              "createNodeMock": [Function],
              "tag": "CONTAINER",
            },
            "context": {},
            "current": [Circular],
            "effectDuration": 0,
            "entangledLanes": 0,
            "entanglements": [
              0,
              0,
              0,
              0,
              0,
              0,
              0,
              0,
              0,
              0,
              0,
              0,
              0,
              0,
              0,
              0,
              0,
              0,
              0,
              0,
              0,
              0,
              0,
              0,
              0,
              0,
              0,
              0,
              0,
              0,
              0,
            ],
            "errorRecoveryDisabledLanes": 0,
            "expirationTimes": [
              -1,
              -1,
              -1,
              -1,
              -1,
              -1,
              -1,
              -1,
              -1,
              -1,
              -1,
              -1,
              -1,
              -1,
              -1,
              -1,
              -1,
              -1,
              -1,
              -1,
              -1,
              -1,
              -1,
              -1,
              -1,
              -1,
              -1,
              -1,
              -1,
              -1,
              -1,
            ],
            "expiredLanes": 0,
            "formState": null,
            "hiddenUpdates": [
              null,
              null,
              null,
              null,
              null,
              null,
              null,
              null,
              null,
              null,
              null,
              null,
              null,
              null,
              null,
              null,
              null,
              null,
              null,
              null,
              null,
              null,
              null,
              null,
              null,
              null,
              null,
              null,
              null,
              null,
              null,
            ],
            "identifierPrefix": "",
            "incompleteTransitions": Map {},
            "next": null,
            "onCaughtError": [Function],
            "onRecoverableError": [Function],
            "onUncaughtError": [Function],
            "passiveEffectDuration": -0,
            "pendingChildren": null,
            "pendingContext": null,
            "pendingLanes": 0,
            "pingCache": null,
            "pingedLanes": 0,
            "pooledCache": null,
            "pooledCacheLanes": 0,
            "shellSuspendCounter": 0,
            "suspendedLanes": 0,
            "tag": 1,
            "timeoutHandle": -1,
            "warmLanes": 0,
          },
          "subtreeFlags": 67108867,
          "tag": 3,
          "treeBaseDuration": -0,
          "type": null,
          "updateQueue": {
            "baseState": {
              "cache": {
                "controller": AbortController {},
                "data": Map {},
                "refCount": 1,
              },
              "element": {
                "$$typeof": Symbol(react.transitional.element),
                "_owner": null,
                "_store": {},
                "key": null,
                "props": {
                  "children": "Hello, World!",
                  "color": "text-100",
                  "testID": "themed-text",
                  "type": "body1",
                },
                "type": [Function],
              },
              "isDehydrated": false,
            },
            "callbacks": null,
            "firstBaseUpdate": null,
            "lastBaseUpdate": null,
            "shared": {
              "hiddenCallbacks": null,
              "lanes": 0,
              "pending": null,
            },
          },
        },
        "selfBaseDuration": -0,
        "sibling": null,
        "stateNode": null,
        "subtreeFlags": 1,
        "tag": 0,
        "treeBaseDuration": -0,
        "type": [Function],
        "updateQueue": null,
      },
      "selfBaseDuration": -0,
      "sibling": null,
      "stateNode": Text {
        "_reactInternalInstance": {},
        "_reactInternals": [Circular],
        "context": {},
        "props": {
          "allowFontScaling": false,
          "children": "Hello, World!",
          "className": "text-[16px] leading-[19px] font-inter-medium text-text-100",
          "maxFontSizeMultiplier": 1,
          "testID": "themed-text",
        },
        "refs": {},
        "state": null,
        "updater": {
          "enqueueForceUpdate": [Function],
          "enqueueReplaceState": [Function],
          "enqueueSetState": [Function],
        },
      },
      "subtreeFlags": 0,
      "tag": 1,
      "treeBaseDuration": -0,
      "type": [Function],
      "updateQueue": {
        "baseState": null,
        "callbacks": null,
        "firstBaseUpdate": null,
        "lastBaseUpdate": null,
        "shared": {
          "hiddenCallbacks": null,
          "lanes": 0,
          "pending": null,
        },
      },
    },
    "selfBaseDuration": -0,
    "sibling": null,
    "stateNode": {
      "children": [
        {
          "isHidden": false,
          "tag": "TEXT",
          "text": "Hello, World!",
        },
      ],
      "internalInstanceHandle": [Circular],
      "isHidden": false,
      "props": {
        "allowFontScaling": false,
        "children": "Hello, World!",
        "className": "text-[16px] leading-[19px] font-inter-medium text-text-100",
        "maxFontSizeMultiplier": 1,
        "testID": "themed-text",
      },
      "rootContainerInstance": {
        "children": [
          [Circular],
        ],
        "createNodeMock": [Function],
        "tag": "CONTAINER",
      },
      "tag": "INSTANCE",
      "type": "Text",
    },
    "subtreeFlags": 0,
    "tag": 5,
    "treeBaseDuration": -0,
    "type": "Text",
    "updateQueue": null,
  },
}
`;
