// Jest Snapshot v1, https://jestjs.io/docs/snapshot-testing

exports[`Theme Definitions should match the snapshot for base colors 1`] = `
{
  "dark": {
    "af": "#4B1F99",
    "as": "#8B1717",
    "background": {
      "blur": "#00000099",
      "primary": "#000000",
      "quaternary": "#3A3A3C",
      "secondary": "#1C1C1E",
      "tertiary": "#2C2C2E",
    },
    "error": "#DC2626",
    "eu": "#1E40AF",
    "info": "#1E40AF",
    "na": "#024731",
    "oc": "#6F0F3D",
    "onPrimary100": "#FFFFFF",
    "onPrimary20": "#FFFFFF33",
    "onPrimary30": "#FFFFFF4D",
    "onPrimary50": "#FFFFFF80",
    "onPrimary70": "#FFFFFFB2",
    "primary100": "#1E40AF",
    "primary30": "#1E40AF4D",
    "primary50": "#1E40AF80",
    "primary70": "#1E40AFB2",
    "primaryGradientEnd": "#8635D6",
    "primaryGradientStart": "#2240A3",
    "sa": "#8B2F00",
    "secondary100": "#065F46",
    "secondary15": "#10B981",
    "secondary30": "#059669",
    "secondary50": "#047857",
    "secondaryGradientEnd": "#6429C4",
    "secondaryGradientStart": "#E02A7F",
    "success": "#047857",
    "tertiary100": "#FF7849",
    "tertiary30": "#FFAD85",
    "tertiary50": "#FF9466",
    "text100": "#FFFFFF",
    "text30": "#FFFFFF4D",
    "text50": "#FFFFFF80",
    "text70": "#FFFFFFCC",
    "text90": "#FFFFFFE5",
    "warning": "#C2410C",
  },
  "light": {
    "af": "#C0B4E0",
    "as": "#D9817E",
    "background": {
      "blur": "#FFFFFFCC",
      "primary": "#FFFFFF",
      "quaternary": "#D1D1D6",
      "secondary": "#F2F2F7",
      "tertiary": "#E5E5EA",
    },
    "error": "#E57373",
    "eu": "#A8576c",
    "info": "#93C5FD",
    "na": "#9CCCBF",
    "oc": "#D18FA1",
    "onPrimary100": "#000000",
    "onPrimary20": "#00000033",
    "onPrimary30": "#0000004D",
    "onPrimary50": "#00000080",
    "onPrimary70": "#000000B2",
    "primary100": "#B3D9FF",
    "primary30": "#B3D9FF4D",
    "primary50": "#B3D9FF80",
    "primary70": "#B3D9FFB2",
    "primaryGradientEnd": "#BFA1F3",
    "primaryGradientStart": "#6EAFF3",
    "sa": "#D4CA55",
    "secondary100": "#A3F3D0",
    "secondary15": "#ECFDF5",
    "secondary30": "#D1FAE5",
    "secondary50": "#C2F5E0",
    "secondaryGradientEnd": "#AA98EB",
    "secondaryGradientStart": "#E694BA",
    "success": "#86EFAC",
    "tertiary100": "#FF6B35",
    "tertiary30": "#FFAD66",
    "tertiary50": "#FF8C42",
    "text100": "#000000",
    "text30": "#0000004D",
    "text50": "#00000080",
    "text70": "#000000C0",
    "text90": "#000000E5",
    "warning": "#FDE68A",
  },
}
`;

exports[`Theme Definitions should match the snapshot for nativewind theme variables 1`] = `
{
  "dark": {
    "--color-af": "#4B1F99",
    "--color-as": "#8B1717",
    "--color-background-blur": "#00000099",
    "--color-background-primary": "#000000",
    "--color-background-quaternary": "#3A3A3C",
    "--color-background-secondary": "#1C1C1E",
    "--color-background-tertiary": "#2C2C2E",
    "--color-error": "#DC2626",
    "--color-eu": "#1E40AF",
    "--color-info": "#1E40AF",
    "--color-na": "#024731",
    "--color-oc": "#6F0F3D",
    "--color-onPrimary-100": "#FFFFFF",
    "--color-onPrimary-20": "#FFFFFF33",
    "--color-onPrimary-30": "#FFFFFF4D",
    "--color-onPrimary-50": "#FFFFFF80",
    "--color-onPrimary-70": "#FFFFFFB2",
    "--color-primary-100": "#1E40AF",
    "--color-primary-30": "#1E40AF4D",
    "--color-primary-50": "#1E40AF80",
    "--color-primary-70": "#1E40AFB2",
    "--color-primary-gradient-end": "#8635D6",
    "--color-primary-gradient-start": "#2240A3",
    "--color-sa": "#8B2F00",
    "--color-secondary-100": "#065F46",
    "--color-secondary-15": "#10B981",
    "--color-secondary-30": "#059669",
    "--color-secondary-50": "#047857",
    "--color-secondary-gradient-end": "#6429C4",
    "--color-secondary-gradient-start": "#E02A7F",
    "--color-success": "#047857",
    "--color-tertiary-100": "#FF7849",
    "--color-tertiary-30": "#FFAD85",
    "--color-tertiary-50": "#FF9466",
    "--color-text-100": "#FFFFFF",
    "--color-text-30": "#FFFFFF4D",
    "--color-text-50": "#FFFFFF80",
    "--color-text-70": "#FFFFFFCC",
    "--color-text-90": "#FFFFFFE5",
    "--color-warning": "#C2410C",
  },
  "light": {
    "--color-af": "#C0B4E0",
    "--color-as": "#D9817E",
    "--color-background-blur": "#FFFFFFCC",
    "--color-background-primary": "#FFFFFF",
    "--color-background-quaternary": "#D1D1D6",
    "--color-background-secondary": "#F2F2F7",
    "--color-background-tertiary": "#E5E5EA",
    "--color-error": "#E57373",
    "--color-eu": "#A8576c",
    "--color-info": "#93C5FD",
    "--color-na": "#9CCCBF",
    "--color-oc": "#D18FA1",
    "--color-onPrimary-100": "#000000",
    "--color-onPrimary-20": "#00000033",
    "--color-onPrimary-30": "#0000004D",
    "--color-onPrimary-50": "#00000080",
    "--color-onPrimary-70": "#000000B2",
    "--color-primary-100": "#B3D9FF",
    "--color-primary-30": "#B3D9FF4D",
    "--color-primary-50": "#B3D9FF80",
    "--color-primary-70": "#B3D9FFB2",
    "--color-primary-gradient-end": "#BFA1F3",
    "--color-primary-gradient-start": "#6EAFF3",
    "--color-sa": "#D4CA55",
    "--color-secondary-100": "#A3F3D0",
    "--color-secondary-15": "#ECFDF5",
    "--color-secondary-30": "#D1FAE5",
    "--color-secondary-50": "#C2F5E0",
    "--color-secondary-gradient-end": "#AA98EB",
    "--color-secondary-gradient-start": "#E694BA",
    "--color-success": "#86EFAC",
    "--color-tertiary-100": "#FF6B35",
    "--color-tertiary-30": "#FFAD66",
    "--color-tertiary-50": "#FF8C42",
    "--color-text-100": "#000000",
    "--color-text-30": "#0000004D",
    "--color-text-50": "#00000080",
    "--color-text-70": "#000000C0",
    "--color-text-90": "#000000E5",
    "--color-warning": "#FDE68A",
  },
}
`;
