// Jest Snapshot v1, https://jestjs.io/docs/snapshot-testing

exports[`ThemedButton Component Snapshot should render the ThemedButton Component successfully 1`] = `
<View
  className="overflow-hidden rounded-xl"
>
  <View
    accessibilityState={
      {
        "busy": undefined,
        "checked": undefined,
        "disabled": false,
        "expanded": undefined,
        "selected": undefined,
      }
    }
    accessibilityValue={
      {
        "max": undefined,
        "min": undefined,
        "now": undefined,
        "text": undefined,
      }
    }
    accessible={true}
    collapsable={false}
    focusable={true}
    hitSlop={20}
    onClick={[Function]}
    onResponderGrant={[Function]}
    onResponderMove={[Function]}
    onResponderRelease={[Function]}
    onResponderTerminate={[Function]}
    onResponderTerminationRequest={[Function]}
    onStartShouldSetResponder={[Function]}
    style={
      {
        "opacity": 1,
      }
    }
    testID="themed-button"
  >
    <Text
      color="text-100"
      type="button1"
    >
      Test Button
    </Text>
  </View>
</View>
`;
