// Jest Snapshot v1, https://jestjs.io/docs/snapshot-testing

exports[`Airport Component Snapshot should render the Airport Component successfully 1`] = `
<View
  accessibilityState={
    {
      "busy": undefined,
      "checked": undefined,
      "disabled": undefined,
      "expanded": undefined,
      "selected": undefined,
    }
  }
  accessibilityValue={
    {
      "max": undefined,
      "min": undefined,
      "now": undefined,
      "text": undefined,
    }
  }
  accessible={true}
  collapsable={false}
  focusable={true}
  hitSlop={20}
  onClick={[Function]}
  onResponderGrant={[Function]}
  onResponderMove={[Function]}
  onResponderRelease={[Function]}
  onResponderTerminate={[Function]}
  onResponderTerminationRequest={[Function]}
  onStartShouldSetResponder={[Function]}
  style={
    {
      "opacity": 1,
    }
  }
  testID="airport-card-1"
>
  <View
    className="rounded-t-xl overflow-hidden  justify-center w-full "
  >
    <View
      cachePolicy="memory-disk"
      contentFit="cover"
      source="https://res.cloudinary.com/dzkssh0tp/image/upload/c_auto,w_800,q_auto,f_auto/v1758030477/IST_vy5oim.jpg"
      style={
        {
          "height": 130,
          "width": "100%",
        }
      }
      testID="mocked-image"
      transition={0}
    />
    <View
      cachePolicy="memory-disk"
      contentFit="contain"
      source={
        {
          "default": "mocked-test-file",
        }
      }
      style={
        {
          "height": 40,
          "left": 4,
          "position": "absolute",
          "top": 4,
          "width": 40,
        }
      }
      testID="mocked-image"
      transition={0}
    />
    <View
      className="bg-primary-100 px-2 py-1 rounded-xl overflow-hidden absolute bottom-2 left-2"
    >
      <Text
        allowFontScaling={false}
        className="text-[14px] leading-[17px] font-inter-semibold text-text-100"
        maxFontSizeMultiplier={1}
      >
        IST
      </Text>
    </View>
    <View
      className="bg-primary-100 px-2 py-1 rounded-xl overflow-hidden absolute bottom-2 right-2"
    >
      <Text
        allowFontScaling={false}
        className="text-[14px] leading-[17px] font-inter-semibold text-text-100"
        maxFontSizeMultiplier={1}
      >
        LTFM
      </Text>
    </View>
    FavoriteButton-1
  </View>
  <View
    className="px-3 py-3"
  >
    <View
      className="h-56 justify-between"
    >
      <Text
        allowFontScaling={false}
        className="text-[16px] leading-[19px] font-inter-semibold text-text-100"
        ellipsizeMode="tail"
        maxFontSizeMultiplier={1}
        numberOfLines={2}
      >
        İstanbul Airport
      </Text>
      <Text
        allowFontScaling={false}
        className="text-[14px] leading-[17px] font-inter-medium text-text-90 mt-1"
        ellipsizeMode="tail"
        maxFontSizeMultiplier={1}
        numberOfLines={2}
      >
        Arnavutköy, İstanbul, Turkey, EU
      </Text>
      <View
        className="bg-background-secondary rounded-xl p-2 shadow shadow-background-quaternary mt-2 border border-background-quaternary"
      >
        <View
          className="flex-row items-center justify-between"
        >
          <View
            className="flex-1 items-center"
          >
            <Text
              allowFontScaling={false}
              className="text-[16px] leading-[19px] font-inter-semibold text-text-100 mb-1"
              maxFontSizeMultiplier={1}
            >
              220
            </Text>
            <Text
              allowFontScaling={false}
              className="text-[12px] leading-[15px] font-inter-regular text-text-90"
              lineBreakMode="tail"
              maxFontSizeMultiplier={1}
              numberOfLines={1}
            >
              route
            </Text>
          </View>
          <View
            className="w-[1px] h-6 bg-primary-100"
          />
          <View
            className="flex-1 items-center"
          >
            <Text
              allowFontScaling={false}
              className="text-[16px] leading-[19px] font-inter-semibold text-text-100 mb-1"
              maxFontSizeMultiplier={1}
            >
              80
            </Text>
            <Text
              allowFontScaling={false}
              className="text-[12px] leading-[15px] font-inter-regular text-text-90"
              lineBreakMode="tail"
              maxFontSizeMultiplier={1}
              numberOfLines={1}
            >
              country
            </Text>
          </View>
        </View>
        <View
          className="my-3 w-[100px] self-center flex-row justify-between"
        >
          <View
            className="h-[1px] w-8 bg-primary-100"
          />
          <View
            className="h-[1px] w-8 bg-primary-100"
          />
        </View>
        <View
          className="flex-row items-center justify-between"
        >
          <View
            className="flex-1 items-center"
          >
            <Text
              allowFontScaling={false}
              className="text-[16px] leading-[19px] font-inter-semibold text-text-100 mb-1"
              maxFontSizeMultiplier={1}
            >
              90
               m
            </Text>
            <Text
              allowFontScaling={false}
              className="text-[12px] leading-[15px] font-inter-regular text-text-90"
              lineBreakMode="tail"
              maxFontSizeMultiplier={1}
              numberOfLines={1}
            >
              passenger
            </Text>
          </View>
          <View
            className="w-[1px] h-6 bg-primary-100"
          />
          <View
            className="flex-1 items-center"
          >
            <Text
              allowFontScaling={false}
              className="text-[16px] leading-[19px] font-inter-semibold text-text-100 mb-1"
              maxFontSizeMultiplier={1}
            >
              4.4
            </Text>
            <Text
              allowFontScaling={false}
              className="text-[12px] leading-[15px] font-inter-regular text-text-90"
              lineBreakMode="tail"
              maxFontSizeMultiplier={1}
              numberOfLines={1}
            >
              rating
            </Text>
          </View>
        </View>
      </View>
    </View>
  </View>
  <View
    className="h-20 px-3 mb-3"
  >
    <Text
      allowFontScaling={false}
      className="text-[13px] leading-[16px] font-inter-regular text-text-100"
      maxFontSizeMultiplier={1}
    >
      popularAirlines
    </Text>
    <View
      className="bg-background-quaternary px-2 py-1 rounded-xl overflow-hidden mt-2"
      style={
        {
          "width": 331,
        }
      }
    >
      <View
        className="flex-row items-center px-1"
      >
        <Text
          allowFontScaling={false}
          className="text-[12px] leading-[15px] font-inter-regular text-text-90"
          ellipsizeMode="tail"
          maxFontSizeMultiplier={1}
          numberOfLines={2}
        >
          Turkish Airlines, Emirates, British Airways
        </Text>
      </View>
    </View>
  </View>
</View>
`;

exports[`AirportsLoadMoreFooter Component Snapshot should render the AirportsLoadMoreFooter Component successfully 1`] = `null`;
